\BOOKMARK [1][-]{section.1}{\376\377\000E\000x\000e\000r\000c\000i\000c\000e\000\040\0001\000\040\000:\000\040\000S\000y\000s\000t\000\350\000m\000e\000\040\000m\000a\000s\000s\000e\000-\000r\000e\000s\000s\000o\000r\000t\000\040\000\050\000m\000a\000t\000l\000a\000b\000\051}{}% 1
\BOOKMARK [2][-]{subsection.1.1}{\376\377\000A}{section.1}% 2
\BOOKMARK [2][-]{subsection.1.2}{\376\377\000B}{section.1}% 3
\BOOKMARK [2][-]{subsection.1.3}{\376\377\000C}{section.1}% 4
\BOOKMARK [2][-]{subsection.1.4}{\376\377\000D}{section.1}% 5
\BOOKMARK [2][-]{subsection.1.5}{\376\377\000E}{section.1}% 6
\BOOKMARK [2][-]{subsection.1.6}{\376\377\000F}{section.1}% 7
\BOOKMARK [1][-]{section.2}{\376\377\000E\000x\000e\000r\000c\000i\000c\000e\000\040\0002\000\040\000:\000\040\000S\000y\000s\000t\000\350\000m\000e\000\040\000m\000a\000s\000s\000e\000-\000r\000e\000s\000s\000o\000r\000t\000\040\000\050\000s\000i\000m\000u\000l\000i\000n\000k\000\051}{}% 8
\BOOKMARK [2][-]{subsection.2.1}{\376\377\000A}{section.2}% 9
\BOOKMARK [2][-]{subsection.2.2}{\376\377\000B}{section.2}% 10
\BOOKMARK [2][-]{subsection.2.3}{\376\377\000C}{section.2}% 11
\BOOKMARK [2][-]{subsection.2.4}{\376\377\000D}{section.2}% 12
\BOOKMARK [2][-]{subsection.2.5}{\376\377\000E}{section.2}% 13
\BOOKMARK [2][-]{subsection.2.6}{\376\377\000F}{section.2}% 14
\BOOKMARK [1][-]{section.3}{\376\377\000E\000x\000e\000r\000c\000i\000c\000e\000\040\0003\000\040\000:\000\040\000B\000a\000l\000a\000n\000c\000e\000\040\000\340\000\040\000f\000l\000\351\000a\000u}{}% 15
\BOOKMARK [2][-]{subsection.3.1}{\376\377\000A}{section.3}% 16
\BOOKMARK [2][-]{subsection.3.2}{\376\377\000B}{section.3}% 17
\BOOKMARK [2][-]{subsection.3.3}{\376\377\000C}{section.3}% 18
\BOOKMARK [2][-]{subsection.3.4}{\376\377\000D}{section.3}% 19
\BOOKMARK [2][-]{subsection.3.5}{\376\377\000E}{section.3}% 20
\BOOKMARK [2][-]{subsection.3.6}{\376\377\000F}{section.3}% 21
